----------------------------------------
Exception occurred during processing of request from ('127.0.0.1', 8153)
Traceback (most recent call last):
  File "C:\Users\yintong\AppData\Roaming\uv\python\cpython-3.14-windows-x86_64-none\Lib\socketserver.py", line 697, in process_request_thread
    self.finish_request(request, client_address)
    ~~~~~~~~~~~~~~~~~~~^^^^^^^^^^^^^^^^^^^^^^^^^
  File "C:\Users\yintong\AppData\Roaming\uv\python\cpython-3.14-windows-x86_64-none\Lib\socketserver.py", line 362, in finish_request
    self.RequestHandlerClass(request, client_address, self)
    ~~~~~~~~~~~~~~~~~~~~~~~~^^^^^^^^^^^^^^^^^^^^^^^^^^^^^^^
  File "C:\Users\yintong\AppData\Roaming\uv\python\cpython-3.14-windows-x86_64-none\Lib\socketserver.py", line 766, in __init__
    self.handle()
    ~~~~~~~~~~~^^
  File "C:\Users\yintong\AppData\Roaming\uv\python\cpython-3.14-windows-x86_64-none\Lib\http\server.py", line 496, in handle
    self.handle_one_request()
    ~~~~~~~~~~~~~~~~~~~~~~~^^
  File "C:\Users\yintong\AppData\Roaming\uv\python\cpython-3.14-windows-x86_64-none\Lib\http\server.py", line 484, in handle_one_request
    method()
    ~~~~~~^^
  File "E:\VirtualCity\Scripts\area_picker.py", line 1242, in do_GET
    self._json(_service_payload())
    ~~~~~~~~~~^^^^^^^^^^^^^^^^^^^^
  File "E:\VirtualCity\Scripts\area_picker.py", line 1651, in _json
    self.wfile.write(body)
    ~~~~~~~~~~~~~~~~^^^^^^
  File "C:\Users\yintong\AppData\Roaming\uv\python\cpython-3.14-windows-x86_64-none\Lib\socketserver.py", line 845, in write
    self._sock.sendall(b)
    ~~~~~~~~~~~~~~~~~~^^^
ConnectionAbortedError: [WinError 10053] 你的主机中的软件中止了一个已建立的连接。
----------------------------------------
